// Jest Snapshot v1, https://goo.gl/fbAQLP

exports[`data matching test 1`] = `
<div
  className="listWrapper"
>
  <div
    className="list"
    id="list_pokemon"
  >
    <div
      className="card "
    >
      <a
        className="imgWrapper"
        href="/pokemon/1"
        onClick={[Function]}
      >
        <img
          alt=""
          src="https://pokeres.bastionbot.org/images/pokemon/1.png"
          width="70%"
        />
      </a>
      <div
        className="nameWrapper"
      >
        <a
          className="pokemon_name"
          href="/pokemon/1"
          onClick={[Function]}
        >
          bulbasaur
        </a>
      </div>
      <p>
        You don't own this pokemon
      </p>
    </div>
    <div
      className="card "
    >
      <a
        className="imgWrapper"
        href="/pokemon/2"
        onClick={[Function]}
      >
        <img
          alt=""
          src="https://pokeres.bastionbot.org/images/pokemon/2.png"
          width="70%"
        />
      </a>
      <div
        className="nameWrapper"
      >
        <a
          className="pokemon_name"
          href="/pokemon/2"
          onClick={[Function]}
        >
          ivysaur
        </a>
      </div>
      <p>
        You don't own this pokemon
      </p>
    </div>
    <div
      className="card "
    >
      <a
        className="imgWrapper"
        href="/pokemon/3"
        onClick={[Function]}
      >
        <img
          alt=""
          src="https://pokeres.bastionbot.org/images/pokemon/3.png"
          width="70%"
        />
      </a>
      <div
        className="nameWrapper"
      >
        <a
          className="pokemon_name"
          href="/pokemon/3"
          onClick={[Function]}
        >
          venusaur
        </a>
      </div>
      <p>
        You don't own this pokemon
      </p>
    </div>
    <div
      className="card mr-0"
    >
      <a
        className="imgWrapper"
        href="/pokemon/4"
        onClick={[Function]}
      >
        <img
          alt=""
          src="https://pokeres.bastionbot.org/images/pokemon/4.png"
          width="70%"
        />
      </a>
      <div
        className="nameWrapper"
      >
        <a
          className="pokemon_name"
          href="/pokemon/4"
          onClick={[Function]}
        >
          charmander
        </a>
      </div>
      <p>
        You don't own this pokemon
      </p>
    </div>
    <div
      className="card "
    >
      <a
        className="imgWrapper"
        href="/pokemon/5"
        onClick={[Function]}
      >
        <img
          alt=""
          src="https://pokeres.bastionbot.org/images/pokemon/5.png"
          width="70%"
        />
      </a>
      <div
        className="nameWrapper"
      >
        <a
          className="pokemon_name"
          href="/pokemon/5"
          onClick={[Function]}
        >
          charmeleon
        </a>
      </div>
      <p>
        You don't own this pokemon
      </p>
    </div>
    <div
      className="card "
    >
      <a
        className="imgWrapper"
        href="/pokemon/6"
        onClick={[Function]}
      >
        <img
          alt=""
          src="https://pokeres.bastionbot.org/images/pokemon/6.png"
          width="70%"
        />
      </a>
      <div
        className="nameWrapper"
      >
        <a
          className="pokemon_name"
          href="/pokemon/6"
          onClick={[Function]}
        >
          charizard
        </a>
      </div>
      <p>
        You don't own this pokemon
      </p>
    </div>
    <div
      className="card "
    >
      <a
        className="imgWrapper"
        href="/pokemon/7"
        onClick={[Function]}
      >
        <img
          alt=""
          src="https://pokeres.bastionbot.org/images/pokemon/7.png"
          width="70%"
        />
      </a>
      <div
        className="nameWrapper"
      >
        <a
          className="pokemon_name"
          href="/pokemon/7"
          onClick={[Function]}
        >
          squirtle
        </a>
      </div>
      <p>
        You don't own this pokemon
      </p>
    </div>
    <div
      className="card mr-0"
    >
      <a
        className="imgWrapper"
        href="/pokemon/8"
        onClick={[Function]}
      >
        <img
          alt=""
          src="https://pokeres.bastionbot.org/images/pokemon/8.png"
          width="70%"
        />
      </a>
      <div
        className="nameWrapper"
      >
        <a
          className="pokemon_name"
          href="/pokemon/8"
          onClick={[Function]}
        >
          wartortle
        </a>
      </div>
      <p>
        You don't own this pokemon
      </p>
    </div>
    <div
      className="card "
    >
      <a
        className="imgWrapper"
        href="/pokemon/9"
        onClick={[Function]}
      >
        <img
          alt=""
          src="https://pokeres.bastionbot.org/images/pokemon/9.png"
          width="70%"
        />
      </a>
      <div
        className="nameWrapper"
      >
        <a
          className="pokemon_name"
          href="/pokemon/9"
          onClick={[Function]}
        >
          blastoise
        </a>
      </div>
      <p>
        You don't own this pokemon
      </p>
    </div>
    <div
      className="card "
    >
      <a
        className="imgWrapper"
        href="/pokemon/10"
        onClick={[Function]}
      >
        <img
          alt=""
          src="https://pokeres.bastionbot.org/images/pokemon/10.png"
          width="70%"
        />
      </a>
      <div
        className="nameWrapper"
      >
        <a
          className="pokemon_name"
          href="/pokemon/10"
          onClick={[Function]}
        >
          caterpie
        </a>
      </div>
      <p>
        You don't own this pokemon
      </p>
    </div>
    <div
      className="card "
    >
      <a
        className="imgWrapper"
        href="/pokemon/11"
        onClick={[Function]}
      >
        <img
          alt=""
          src="https://pokeres.bastionbot.org/images/pokemon/11.png"
          width="70%"
        />
      </a>
      <div
        className="nameWrapper"
      >
        <a
          className="pokemon_name"
          href="/pokemon/11"
          onClick={[Function]}
        >
          metapod
        </a>
      </div>
      <p>
        You don't own this pokemon
      </p>
    </div>
    <div
      className="card mr-0"
    >
      <a
        className="imgWrapper"
        href="/pokemon/12"
        onClick={[Function]}
      >
        <img
          alt=""
          src="https://pokeres.bastionbot.org/images/pokemon/12.png"
          width="70%"
        />
      </a>
      <div
        className="nameWrapper"
      >
        <a
          className="pokemon_name"
          href="/pokemon/12"
          onClick={[Function]}
        >
          butterfree
        </a>
      </div>
      <p>
        You don't own this pokemon
      </p>
    </div>
    <div
      className="card "
    >
      <a
        className="imgWrapper"
        href="/pokemon/13"
        onClick={[Function]}
      >
        <img
          alt=""
          src="https://pokeres.bastionbot.org/images/pokemon/13.png"
          width="70%"
        />
      </a>
      <div
        className="nameWrapper"
      >
        <a
          className="pokemon_name"
          href="/pokemon/13"
          onClick={[Function]}
        >
          weedle
        </a>
      </div>
      <p>
        You don't own this pokemon
      </p>
    </div>
    <div
      className="card "
    >
      <a
        className="imgWrapper"
        href="/pokemon/14"
        onClick={[Function]}
      >
        <img
          alt=""
          src="https://pokeres.bastionbot.org/images/pokemon/14.png"
          width="70%"
        />
      </a>
      <div
        className="nameWrapper"
      >
        <a
          className="pokemon_name"
          href="/pokemon/14"
          onClick={[Function]}
        >
          kakuna
        </a>
      </div>
      <p>
        You don't own this pokemon
      </p>
    </div>
    <div
      className="card "
    >
      <a
        className="imgWrapper"
        href="/pokemon/15"
        onClick={[Function]}
      >
        <img
          alt=""
          src="https://pokeres.bastionbot.org/images/pokemon/15.png"
          width="70%"
        />
      </a>
      <div
        className="nameWrapper"
      >
        <a
          className="pokemon_name"
          href="/pokemon/15"
          onClick={[Function]}
        >
          beedrill
        </a>
      </div>
      <p>
        You don't own this pokemon
      </p>
    </div>
    <div
      className="card mr-0"
    >
      <a
        className="imgWrapper"
        href="/pokemon/16"
        onClick={[Function]}
      >
        <img
          alt=""
          src="https://pokeres.bastionbot.org/images/pokemon/16.png"
          width="70%"
        />
      </a>
      <div
        className="nameWrapper"
      >
        <a
          className="pokemon_name"
          href="/pokemon/16"
          onClick={[Function]}
        >
          pidgey
        </a>
      </div>
      <p>
        You don't own this pokemon
      </p>
    </div>
    <div
      className="card "
    >
      <a
        className="imgWrapper"
        href="/pokemon/17"
        onClick={[Function]}
      >
        <img
          alt=""
          src="https://pokeres.bastionbot.org/images/pokemon/17.png"
          width="70%"
        />
      </a>
      <div
        className="nameWrapper"
      >
        <a
          className="pokemon_name"
          href="/pokemon/17"
          onClick={[Function]}
        >
          pidgeotto
        </a>
      </div>
      <p>
        You don't own this pokemon
      </p>
    </div>
    <div
      className="card "
    >
      <a
        className="imgWrapper"
        href="/pokemon/18"
        onClick={[Function]}
      >
        <img
          alt=""
          src="https://pokeres.bastionbot.org/images/pokemon/18.png"
          width="70%"
        />
      </a>
      <div
        className="nameWrapper"
      >
        <a
          className="pokemon_name"
          href="/pokemon/18"
          onClick={[Function]}
        >
          pidgeot
        </a>
      </div>
      <p>
        You don't own this pokemon
      </p>
    </div>
    <div
      className="card "
    >
      <a
        className="imgWrapper"
        href="/pokemon/19"
        onClick={[Function]}
      >
        <img
          alt=""
          src="https://pokeres.bastionbot.org/images/pokemon/19.png"
          width="70%"
        />
      </a>
      <div
        className="nameWrapper"
      >
        <a
          className="pokemon_name"
          href="/pokemon/19"
          onClick={[Function]}
        >
          rattata
        </a>
      </div>
      <p>
        You don't own this pokemon
      </p>
    </div>
    <div
      className="card mr-0"
    >
      <a
        className="imgWrapper"
        href="/pokemon/20"
        onClick={[Function]}
      >
        <img
          alt=""
          src="https://pokeres.bastionbot.org/images/pokemon/20.png"
          width="70%"
        />
      </a>
      <div
        className="nameWrapper"
      >
        <a
          className="pokemon_name"
          href="/pokemon/20"
          onClick={[Function]}
        >
          raticate
        </a>
      </div>
      <p>
        You don't own this pokemon
      </p>
    </div>
  </div>
</div>
`;
